[dotenv@17.3.1] injecting env (0) from .env -- tip: 🤖 agentic secret storage: https://dotenvx.com/as2
[dotenv@17.3.1] injecting env (0) from .env -- tip: 🔐 prevent committing .env to code: https://dotenvx.com/precommit
[STARTUP ERROR] Missing required environment variable: MONGODB_URI. Set it in the Vercel dashboard.
[STARTUP ERROR] Missing required environment variable: JWT_SECRET. Set it in the Vercel dashboard.
node:internal/modules/cjs/loader:1404
  throw err;
  ^

Error: Cannot find module '../controllers/authController'
Require stack:
- C:\Users\saura\OneDrive\Desktop\todo\api\routes\users.js
- C:\Users\saura\OneDrive\Desktop\todo\api\index.js
    at Function._resolveFilename (node:internal/modules/cjs/loader:1401:15)
    at defaultResolveImpl (node:internal/modules/cjs/loader:1057:19)
    at resolveForCJSWithHooks (node:internal/modules/cjs/loader:1062:22)
    at Function._load (node:internal/modules/cjs/loader:1211:37)
    at TracingChannel.traceSync (node:diagnostics_channel:322:14)
    at wrapModuleLoad (node:internal/modules/cjs/loader:235:24)
    at Module.require (node:internal/modules/cjs/loader:1487:12)
    at require (node:internal/modules/helpers:135:16)
    at Object.<anonymous> (C:\Users\saura\OneDrive\Desktop\todo\api\routes\users.js:2:60)
    at Module._compile (node:internal/modules/cjs/loader:1730:14) {
  code: 'MODULE_NOT_FOUND',
  requireStack: [
    'C:\\Users\\saura\\OneDrive\\Desktop\\todo\\api\\routes\\users.js',
    'C:\\Users\\saura\\OneDrive\\Desktop\\todo\\api\\index.js'
  ]
}

Node.js v22.16.0
